14:49:01 **** Auto Build of configuration Debug for project test ****
make all 
'Building file: ../src/helloworld.c'
'Invoking: MicroBlaze gcc compiler'
mb-gcc -Wall -O0 -g3 -c -fmessage-length=0 -MT"src/helloworld.o" -I../../test_bsp/microblaze_core/include -mlittle-endian -mcpu=v10.0 -mxl-soft-mul -Wl,--no-relax -ffunction-sections -fdata-sections -MMD -MP -MF"src/helloworld.d" -MT"src/helloworld.o" -o "src/helloworld.o" "../src/helloworld.c"
'Finished building: ../src/helloworld.c'
' '
'Building target: test.elf'
'Invoking: MicroBlaze gcc linker'
mb-gcc -Wl,-T -Wl,../src/lscript.ld -L../../test_bsp/microblaze_core/lib -mlittle-endian -mcpu=v10.0 -mxl-soft-mul -Wl,--no-relax -Wl,--gc-sections -o "test.elf"  ./src/helloworld.o ./src/platform.o   -Wl,--start-group,-lxil,-lgcc,-lc,--end-group
'Finished building target: test.elf'
' '
'Invoking: MicroBlaze Print Size'
mb-size test.elf  |tee "test.elf.size"
   text	   data	    bss	    dec	    hex	filename
   2752	    268	   3108	   6128	   17f0	test.elf
'Finished building: test.elf.size'
' '

14:49:03 Build Finished (took 2s.370ms)

